/ip dns static add name=ifconfig.me type=FWD address-list=allow-domains match-subdomain=yes forward-to=localhost comment=""
/ip dns static add name=jsdelivr.net type=FWD address-list=allow-domains match-subdomain=yes forward-to=localhost comment="kinopub"
/ip dns static add name=digital-cdn.net type=FWD address-list=allow-domains match-subdomain=yes forward-to=localhost comment="kinopub"
/ip dns static add name=nextlgsdp.com type=FWD address-list=allow-domains match-subdomain=yes forward-to=localhost comment="kinopub"
/ip dns static add name=kino.pub type=FWD address-list=allow-domains match-subdomain=yes forward-to=localhost comment="kinopub"
/ip dns static add name=kpapp.link type=FWD address-list=allow-domains match-subdomain=yes forward-to=localhost comment="kinopub"
/ip dns static add name=zencdn.net type=FWD address-list=allow-domains match-subdomain=yes forward-to=localhost comment="kinopub"
/ip dns static add name=a1446.dscr.akamai.net type=FWD address-list=allow-domains match-subdomain=yes forward-to=localhost comment="kinopub"
/ip dns static add name=ott.io.mi.com type=FWD address-list=allow-domains match-subdomain=yes forward-to=localhost comment=""
/ip dns static add name=api.io.mi.com type=FWD address-list=allow-domains match-subdomain=yes forward-to=localhost comment=""
/ip dns static add name=ot.io.mi.com type=FWD address-list=allow-domains match-subdomain=yes forward-to=localhost comment=""
/ip dns static add name=srvkp.com type=FWD address-list=allow-domains match-subdomain=yes forward-to=localhost comment="kinopub"
/ip dns static add name=ios-kp.store type=FWD address-list=allow-domains match-subdomain=yes forward-to=localhost comment="kinopub"
/ip dns static add name=pushbr.com type=FWD address-list=allow-domains match-subdomain=yes forward-to=localhost comment="kinopub"
/ip dns static add name=alador.space type=FWD address-list=allow-domains match-subdomain=yes forward-to=localhost comment="kinopub"
/ip dns static add name=kpdl.link type=FWD address-list=allow-domains match-subdomain=yes forward-to=localhost comment="kinopub"
/ip dns static add name=szbboys.com type=FWD address-list=allow-domains match-subdomain=yes forward-to=localhost comment="kinopub"
/ip dns static add name=kino.watch type=FWD address-list=allow-domains match-subdomain=yes forward-to=localhost comment="kinopub"
/ip dns static add name=test.test type=FWD address-list=allow-domains match-subdomain=yes forward-to=localhost comment="test"
