/ip/firewall/address-list/add address=138.128.136.0/21 comment="discord.lst" list=allow-domains
/ip/firewall/address-list/add address=162.158.0.0/15 comment="discord.lst" list=allow-domains
/ip/firewall/address-list/add address=172.64.0.0/13 comment="discord.lst" list=allow-domains
/ip/firewall/address-list/add address=34.0.0.0/15 comment="discord.lst" list=allow-domains
/ip/firewall/address-list/add address=34.2.0.0/15 comment="discord.lst" list=allow-domains
/ip/firewall/address-list/add address=35.192.0.0/12 comment="discord.lst" list=allow-domains
/ip/firewall/address-list/add address=35.208.0.0/12 comment="discord.lst" list=allow-domains
/ip/firewall/address-list/add address=5.200.14.128/25 comment="discord.lst" list=allow-domains
/ip/firewall/address-list/add address=66.22.192.0/18 comment="discord.lst" list=allow-domains
/ip/firewall/address-list/add address=104.16.0.0/12 comment="discord.lst" list=allow-domains
/ip/firewall/address-list/add address=5.28.192.0/18 comment="telegram.lst" list=allow-domains
/ip/firewall/address-list/add address=91.105.192.0/23 comment="telegram.lst" list=allow-domains
/ip/firewall/address-list/add address=91.108.4.0/22 comment="telegram.lst" list=allow-domains
/ip/firewall/address-list/add address=91.108.8.0/21 comment="telegram.lst" list=allow-domains
/ip/firewall/address-list/add address=91.108.16.0/21 comment="telegram.lst" list=allow-domains
/ip/firewall/address-list/add address=91.108.56.0/22 comment="telegram.lst" list=allow-domains
/ip/firewall/address-list/add address=95.161.64.0/20 comment="telegram.lst" list=allow-domains
/ip/firewall/address-list/add address=149.154.160.0/20 comment="telegram.lst" list=allow-domains
/ip/firewall/address-list/add address=185.76.151.0/24 comment="telegram.lst" list=allow-domains
/ip/firewall/address-list/add address=194.221.0.0/16 comment="telegram.lst" list=allow-domains
/ip/firewall/address-list/add address=74.125.247.128/32 comment="google_meet.lst" list=allow-domains
/ip/firewall/address-list/add address=74.125.250.0/24 comment="google_meet.lst" list=allow-domains
/ip/firewall/address-list/add address=142.250.82.0/24 comment="google_meet.lst" list=allow-domains
