uci add_list firewall.@ipset[0].entry="138.128.136.0/21"
uci add_list firewall.@ipset[0].entry="162.158.0.0/15"
uci add_list firewall.@ipset[0].entry="172.64.0.0/13"
uci add_list firewall.@ipset[0].entry="34.0.0.0/15"
uci add_list firewall.@ipset[0].entry="34.2.0.0/15"
uci add_list firewall.@ipset[0].entry="35.192.0.0/12"
uci add_list firewall.@ipset[0].entry="35.208.0.0/12"
uci add_list firewall.@ipset[0].entry="5.200.14.128/25"
uci add_list firewall.@ipset[0].entry="66.22.192.0/18"
uci add_list firewall.@ipset[0].entry="104.16.0.0/12"
uci add_list firewall.@ipset[0].entry="5.28.192.0/18"
uci add_list firewall.@ipset[0].entry="91.105.192.0/23"
uci add_list firewall.@ipset[0].entry="91.108.4.0/22"
uci add_list firewall.@ipset[0].entry="91.108.8.0/21"
uci add_list firewall.@ipset[0].entry="91.108.16.0/21"
uci add_list firewall.@ipset[0].entry="91.108.56.0/22"
uci add_list firewall.@ipset[0].entry="95.161.64.0/20"
uci add_list firewall.@ipset[0].entry="149.154.160.0/20"
uci add_list firewall.@ipset[0].entry="185.76.151.0/24"
uci add_list firewall.@ipset[0].entry="194.221.0.0/16"
uci add_list firewall.@ipset[0].entry="74.125.247.128/32"
uci add_list firewall.@ipset[0].entry="74.125.250.0/24"
uci add_list firewall.@ipset[0].entry="142.250.82.0/24"
